PH partido NULL C:/Users/Ludovic/Desktop/espacio/partido.vhd sub00/vhpl28 1449328897
AR syncv behavioral C:/Users/Ludovic/Desktop/espacio/syncV.vhd sub00/vhpl05 1449328904
PB partido partido C:/Users/Ludovic/Desktop/espacio/partido.vhd sub00/vhpl29 1449328898
AR nave behavioral C:/Users/Ludovic/Desktop/espacio/nave.vhd sub00/vhpl17 1449328916
EN synch NULL C:/Users/Ludovic/Desktop/espacio/syncH.vhd sub00/vhpl02 1449328901
AR formato behavioral C:/Users/Ludovic/Desktop/espacio/formato.vhd sub00/vhpl13 1449328912
EN spaceinv NULL C:/Users/Ludovic/Desktop/espacio/spaceInv.vhd sub00/vhpl26 1449328927
EN syncv NULL C:/Users/Ludovic/Desktop/espacio/syncV.vhd sub00/vhpl04 1449328903
EN tempoinicio NULL C:/Users/Ludovic/Desktop/espacio/tempoInicio.vhd sub00/vhpl30 1449328923
AR vga behavioral C:/Users/Ludovic/Desktop/espacio/vga.vhd sub00/vhpl09 1449328908
AR tempobala behavioral C:/Users/Ludovic/Desktop/espacio/tempoBala.vhd sub00/vhpl23 1449328922
AR spaceinv behavioral C:/Users/Ludovic/Desktop/espacio/spaceInv.vhd sub00/vhpl27 1449328928
AR rgbmux behavioral C:/Users/Ludovic/Desktop/espacio/rgbMux.vhd sub00/vhpl07 1449328906
EN bala NULL C:/Users/Ludovic/Desktop/espacio/bala.vhd sub00/vhpl20 1449328919
EN tempomarcianos NULL C:/Users/Ludovic/Desktop/espacio/tempoMarcianos.vhd sub00/vhpl14 1449328913
EN nave NULL C:/Users/Ludovic/Desktop/espacio/nave.vhd sub00/vhpl16 1449328915
EN vga NULL C:/Users/Ludovic/Desktop/espacio/vga.vhd sub00/vhpl08 1449328907
AR tempoinicio behavioral C:/Users/Ludovic/Desktop/espacio/tempoInicio.vhd sub00/vhpl31 1449328924
AR bala behavioral C:/Users/Ludovic/Desktop/espacio/bala.vhd sub00/vhpl21 1449328920
AR synch behavioral C:/Users/Ludovic/Desktop/espacio/syncH.vhd sub00/vhpl03 1449328902
EN tempobala NULL C:/Users/Ludovic/Desktop/espacio/tempoBala.vhd sub00/vhpl22 1449328921
AR marcianos behavioral C:/Users/Ludovic/Desktop/espacio/marcianos.vhd sub00/vhpl11 1449328910
EN rgbmux NULL C:/Users/Ludovic/Desktop/espacio/rgbMux.vhd sub00/vhpl06 1449328905
EN temponave NULL C:/Users/Ludovic/Desktop/espacio/tempoNave.vhd sub00/vhpl18 1449328917
AR maquinaestado behavioral C:/Users/Ludovic/Desktop/espacio/maquinaEstado.vhd sub00/vhpl25 1449328926
AR divisorf behavioral C:/Users/Ludovic/Desktop/espacio/divisorF.vhd sub00/vhpl01 1449328900
EN marcianos NULL C:/Users/Ludovic/Desktop/espacio/marcianos.vhd sub00/vhpl10 1449328909
EN maquinaestado NULL C:/Users/Ludovic/Desktop/espacio/maquinaEstado.vhd sub00/vhpl24 1449328925
AR tempomarcianos behavioral C:/Users/Ludovic/Desktop/espacio/tempoMarcianos.vhd sub00/vhpl15 1449328914
AR temponave behavioral C:/Users/Ludovic/Desktop/espacio/tempoNave.vhd sub00/vhpl19 1449328918
EN divisorf NULL C:/Users/Ludovic/Desktop/espacio/divisorF.vhd sub00/vhpl00 1449328899
EN formato NULL C:/Users/Ludovic/Desktop/espacio/formato.vhd sub00/vhpl12 1449328911
